// Jest Snapshot v1, https://goo.gl/fbAQLP

exports[`AppTitle 1`] = `
<button
  className="sc-AxjAm bDnbtj"
/>
`;
